Archive member included because of file (symbol)

c:/winavr-20100110/bin/../lib/gcc/avr/4.3.3/../../../../avr/lib/avr5\libc.a(exit.o)
                              c:/winavr-20100110/bin/../lib/gcc/avr/4.3.3/../../../../avr/lib/avr5/crtm32.o (exit)
c:/winavr-20100110/bin/../lib/gcc/avr/4.3.3/avr5\libgcc.a(_udivmodqi4.o)
                              CMakeFiles/SMART_LIGHT.elf.dir/HAL/RTC_DS1307/RTC_program.c.obj (__udivmodqi4)
c:/winavr-20100110/bin/../lib/gcc/avr/4.3.3/avr5\libgcc.a(_exit.o)
                              c:/winavr-20100110/bin/../lib/gcc/avr/4.3.3/../../../../avr/lib/avr5\libc.a(exit.o) (_exit)
c:/winavr-20100110/bin/../lib/gcc/avr/4.3.3/avr5\libgcc.a(_copy_data.o)
                              CMakeFiles/SMART_LIGHT.elf.dir/APPLICATION/main.c.obj (__do_copy_data)
c:/winavr-20100110/bin/../lib/gcc/avr/4.3.3/avr5\libgcc.a(_clear_bss.o)
                              CMakeFiles/SMART_LIGHT.elf.dir/APPLICATION/main.c.obj (__do_clear_bss)
c:/winavr-20100110/bin/../lib/gcc/avr/4.3.3/avr5\libgcc.a(_ashldi3.o)
                              CMakeFiles/SMART_LIGHT.elf.dir/MCAL/UART/UART.c.obj (__ashldi3)
c:/winavr-20100110/bin/../lib/gcc/avr/4.3.3/avr5\libgcc.a(_fixunssfsi.o)
                              CMakeFiles/SMART_LIGHT.elf.dir/HAL/LDR/LDR_program.c.obj (__fixunssfsi)
c:/winavr-20100110/bin/../lib/gcc/avr/4.3.3/avr5\libgcc.a(_udivdi3.o)
                              CMakeFiles/SMART_LIGHT.elf.dir/MCAL/UART/UART.c.obj (__udivdi3)
c:/winavr-20100110/bin/../lib/gcc/avr/4.3.3/avr5\libgcc.a(_addsub_sf.o)
                              CMakeFiles/SMART_LIGHT.elf.dir/HAL/LDR/LDR_program.c.obj (__subsf3)
c:/winavr-20100110/bin/../lib/gcc/avr/4.3.3/avr5\libgcc.a(_mul_sf.o)
                              CMakeFiles/SMART_LIGHT.elf.dir/HAL/LDR/LDR_program.c.obj (__mulsf3)
c:/winavr-20100110/bin/../lib/gcc/avr/4.3.3/avr5\libgcc.a(_div_sf.o)
                              CMakeFiles/SMART_LIGHT.elf.dir/HAL/LDR/LDR_program.c.obj (__divsf3)
c:/winavr-20100110/bin/../lib/gcc/avr/4.3.3/avr5\libgcc.a(_ge_sf.o)
                              c:/winavr-20100110/bin/../lib/gcc/avr/4.3.3/avr5\libgcc.a(_fixunssfsi.o) (__gesf2)
c:/winavr-20100110/bin/../lib/gcc/avr/4.3.3/avr5\libgcc.a(_sf_to_si.o)
                              c:/winavr-20100110/bin/../lib/gcc/avr/4.3.3/avr5\libgcc.a(_fixunssfsi.o) (__fixsfsi)
c:/winavr-20100110/bin/../lib/gcc/avr/4.3.3/avr5\libgcc.a(_thenan_sf.o)
                              c:/winavr-20100110/bin/../lib/gcc/avr/4.3.3/avr5\libgcc.a(_addsub_sf.o) (__thenan_sf)
c:/winavr-20100110/bin/../lib/gcc/avr/4.3.3/avr5\libgcc.a(_usi_to_sf.o)
                              CMakeFiles/SMART_LIGHT.elf.dir/HAL/LDR/LDR_program.c.obj (__floatunsisf)
c:/winavr-20100110/bin/../lib/gcc/avr/4.3.3/avr5\libgcc.a(_mulsi3.o)
                              c:/winavr-20100110/bin/../lib/gcc/avr/4.3.3/avr5\libgcc.a(_udivdi3.o) (__mulsi3)
c:/winavr-20100110/bin/../lib/gcc/avr/4.3.3/avr5\libgcc.a(_udivmodsi4.o)
                              c:/winavr-20100110/bin/../lib/gcc/avr/4.3.3/avr5\libgcc.a(_udivdi3.o) (__udivmodsi4)
c:/winavr-20100110/bin/../lib/gcc/avr/4.3.3/avr5\libgcc.a(_prologue.o)
                              c:/winavr-20100110/bin/../lib/gcc/avr/4.3.3/avr5\libgcc.a(_udivdi3.o) (__prologue_saves__)
c:/winavr-20100110/bin/../lib/gcc/avr/4.3.3/avr5\libgcc.a(_epilogue.o)
                              c:/winavr-20100110/bin/../lib/gcc/avr/4.3.3/avr5\libgcc.a(_udivdi3.o) (__epilogue_restores__)
c:/winavr-20100110/bin/../lib/gcc/avr/4.3.3/avr5\libgcc.a(_clz.o)
                              c:/winavr-20100110/bin/../lib/gcc/avr/4.3.3/avr5\libgcc.a(_udivdi3.o) (__clz_tab)
c:/winavr-20100110/bin/../lib/gcc/avr/4.3.3/avr5\libgcc.a(_clzsi2.o)
                              c:/winavr-20100110/bin/../lib/gcc/avr/4.3.3/avr5\libgcc.a(_usi_to_sf.o) (__clzsi2)
c:/winavr-20100110/bin/../lib/gcc/avr/4.3.3/avr5\libgcc.a(_pack_sf.o)
                              c:/winavr-20100110/bin/../lib/gcc/avr/4.3.3/avr5\libgcc.a(_addsub_sf.o) (__pack_f)
c:/winavr-20100110/bin/../lib/gcc/avr/4.3.3/avr5\libgcc.a(_unpack_sf.o)
                              c:/winavr-20100110/bin/../lib/gcc/avr/4.3.3/avr5\libgcc.a(_addsub_sf.o) (__unpack_f)
c:/winavr-20100110/bin/../lib/gcc/avr/4.3.3/avr5\libgcc.a(_fpcmp_parts_sf.o)
                              c:/winavr-20100110/bin/../lib/gcc/avr/4.3.3/avr5\libgcc.a(_ge_sf.o) (__fpcmp_parts_f)

Memory Configuration

Name             Origin             Length             Attributes
text             0x00000000         0x00020000         xr
data             0x00800060         0x0000ffa0         rw !x
eeprom           0x00810000         0x00010000         rw !x
fuse             0x00820000         0x00000400         rw !x
lock             0x00830000         0x00000400         rw !x
signature        0x00840000         0x00000400         rw !x
*default*        0x00000000         0xffffffff

Linker script and memory map

LOAD c:/winavr-20100110/bin/../lib/gcc/avr/4.3.3/../../../../avr/lib/avr5/crtm32.o
START GROUP
LOAD c:/winavr-20100110/bin/../lib/gcc/avr/4.3.3/../../../../avr/lib/avr5\libc.a
LOAD c:/winavr-20100110/bin/../lib/gcc/avr/4.3.3/../../../../avr/lib/avr5\libm.a
END GROUP
LOAD CMakeFiles/SMART_LIGHT.elf.dir/HAL/EEPROM/EEPROM_program.c.obj
LOAD CMakeFiles/SMART_LIGHT.elf.dir/HAL/LDR/LDR_program.c.obj
LOAD CMakeFiles/SMART_LIGHT.elf.dir/HAL/RTC_DS1307/RTC_program.c.obj
LOAD CMakeFiles/SMART_LIGHT.elf.dir/MCAL/ADC/ADC_program.c.obj
LOAD CMakeFiles/SMART_LIGHT.elf.dir/MCAL/DIO/DIO_program.c.obj
LOAD CMakeFiles/SMART_LIGHT.elf.dir/MCAL/IIC/I2C_program.c.obj
LOAD CMakeFiles/SMART_LIGHT.elf.dir/MCAL/PWM/PWM_program.c.obj
LOAD CMakeFiles/SMART_LIGHT.elf.dir/MCAL/UART/UART.c.obj
LOAD CMakeFiles/SMART_LIGHT.elf.dir/APPLICATION/main.c.obj
LOAD c:/winavr-20100110/bin/../lib/gcc/avr/4.3.3/avr5\libgcc.a
LOAD c:/winavr-20100110/bin/../lib/gcc/avr/4.3.3/../../../../avr/lib/avr5\libc.a
LOAD c:/winavr-20100110/bin/../lib/gcc/avr/4.3.3/avr5\libgcc.a

.hash
 *(.hash)

.dynsym
 *(.dynsym)

.dynstr
 *(.dynstr)

.gnu.version
 *(.gnu.version)

.gnu.version_d
 *(.gnu.version_d)

.gnu.version_r
 *(.gnu.version_r)

.rel.init
 *(.rel.init)

.rela.init
 *(.rela.init)

.rel.text
 *(.rel.text)
 *(.rel.text.*)
 *(.rel.gnu.linkonce.t*)

.rela.text
 *(.rela.text)
 *(.rela.text.*)
 *(.rela.gnu.linkonce.t*)

.rel.fini
 *(.rel.fini)

.rela.fini
 *(.rela.fini)

.rel.rodata
 *(.rel.rodata)
 *(.rel.rodata.*)
 *(.rel.gnu.linkonce.r*)

.rela.rodata
 *(.rela.rodata)
 *(.rela.rodata.*)
 *(.rela.gnu.linkonce.r*)

.rel.data
 *(.rel.data)
 *(.rel.data.*)
 *(.rel.gnu.linkonce.d*)

.rela.data
 *(.rela.data)
 *(.rela.data.*)
 *(.rela.gnu.linkonce.d*)

.rel.ctors
 *(.rel.ctors)

.rela.ctors
 *(.rela.ctors)

.rel.dtors
 *(.rel.dtors)

.rela.dtors
 *(.rela.dtors)

.rel.got
 *(.rel.got)

.rela.got
 *(.rela.got)

.rel.bss
 *(.rel.bss)

.rela.bss
 *(.rela.bss)

.rel.plt
 *(.rel.plt)

.rela.plt
 *(.rela.plt)

.text           0x00000000     0x2d3c
 *(.vectors)
 .vectors       0x00000000       0x54 c:/winavr-20100110/bin/../lib/gcc/avr/4.3.3/../../../../avr/lib/avr5/crtm32.o
                0x00000000                __vectors
                0x00000000                __vector_default
 *(.vectors)
 *(.progmem.gcc*)
 *(.progmem*)
                0x00000054                . = ALIGN (0x2)
                0x00000054                __trampolines_start = .
 *(.trampolines)
 .trampolines   0x00000054        0x0 linker stubs
 *(.trampolines*)
                0x00000054                __trampolines_end = .
 *(.jumptables)
 *(.jumptables*)
 *(.lowtext)
 *(.lowtext*)
                0x00000054                __ctors_start = .
 *(.ctors)
                0x00000054                __ctors_end = .
                0x00000054                __dtors_start = .
 *(.dtors)
                0x00000054                __dtors_end = .
 SORT(*)(.ctors)
 SORT(*)(.dtors)
 *(.init0)
 .init0         0x00000054        0x0 c:/winavr-20100110/bin/../lib/gcc/avr/4.3.3/../../../../avr/lib/avr5/crtm32.o
                0x00000054                __init
 *(.init0)
 *(.init1)
 *(.init1)
 *(.init2)
 .init2         0x00000054        0xc c:/winavr-20100110/bin/../lib/gcc/avr/4.3.3/../../../../avr/lib/avr5/crtm32.o
 *(.init2)
 *(.init3)
 *(.init3)
 *(.init4)
 .init4         0x00000060       0x16 c:/winavr-20100110/bin/../lib/gcc/avr/4.3.3/avr5\libgcc.a(_copy_data.o)
                0x00000060                __do_copy_data
 .init4         0x00000076       0x10 c:/winavr-20100110/bin/../lib/gcc/avr/4.3.3/avr5\libgcc.a(_clear_bss.o)
                0x00000076                __do_clear_bss
 *(.init4)
 *(.init5)
 *(.init5)
 *(.init6)
 *(.init6)
 *(.init7)
 *(.init7)
 *(.init8)
 *(.init8)
 *(.init9)
 .init9         0x00000086        0x8 c:/winavr-20100110/bin/../lib/gcc/avr/4.3.3/../../../../avr/lib/avr5/crtm32.o
 *(.init9)
 *(.text)
 .text          0x0000008e        0x4 c:/winavr-20100110/bin/../lib/gcc/avr/4.3.3/../../../../avr/lib/avr5/crtm32.o
                0x0000008e                __vector_1
                0x0000008e                __vector_12
                0x0000008e                __bad_interrupt
                0x0000008e                __vector_6
                0x0000008e                __vector_3
                0x0000008e                __vector_11
                0x0000008e                __vector_13
                0x0000008e                __vector_17
                0x0000008e                __vector_19
                0x0000008e                __vector_7
                0x0000008e                __vector_5
                0x0000008e                __vector_4
                0x0000008e                __vector_9
                0x0000008e                __vector_2
                0x0000008e                __vector_15
                0x0000008e                __vector_8
                0x0000008e                __vector_14
                0x0000008e                __vector_10
                0x0000008e                __vector_16
                0x0000008e                __vector_18
                0x0000008e                __vector_20
 .text          0x00000092        0x0 c:/winavr-20100110/bin/../lib/gcc/avr/4.3.3/../../../../avr/lib/avr5\libc.a(exit.o)
 .text          0x00000092       0xe4 CMakeFiles/SMART_LIGHT.elf.dir/HAL/EEPROM/EEPROM_program.c.obj
                0x00000170                EEPROM_void_Init
                0x00000092                EEPROM_enumReadByte
                0x00000112                EEPROM_enumWriteByte
 .text          0x00000176       0x56 CMakeFiles/SMART_LIGHT.elf.dir/HAL/LDR/LDR_program.c.obj
                0x000001c0                LDR_SENSOR_voidInit
                0x00000176                LDR_SNESOR_u8Read
 .text          0x000001cc      0x2c0 CMakeFiles/SMART_LIGHT.elf.dir/HAL/RTC_DS1307/RTC_program.c.obj
                0x000001d2                RTC_enumReadTime
                0x000003b4                RTC_enumUpdateTime
                0x000001cc                RTC_enumReadCalendar
                0x000002da                RTC_enumUpdateCalendar
 .text          0x0000048c       0x46 CMakeFiles/SMART_LIGHT.elf.dir/MCAL/ADC/ADC_program.c.obj
                0x0000048c                ADC_VoidInit
                0x00000496                ADC_u16Read
 .text          0x000004d2      0x536 CMakeFiles/SMART_LIGHT.elf.dir/MCAL/DIO/DIO_program.c.obj
                0x00000978                DIO_SetPortValue
                0x000004d2                DIO_SetPinValue
                0x000007f0                DIO_SetPinDirection
                0x00000762                DIO_GetPinValue
                0x00000938                DIO_SetPortDirection
                0x0000061a                DIO_TOGPinValue
                0x000009b8                DIO_TOGPortValue
 .text          0x00000a08      0x2aa CMakeFiles/SMART_LIGHT.elf.dir/MCAL/IIC/I2C_program.c.obj
                0x00000a2c                I2C_MASTER_voidSetConfigure
                0x00000a78                I2C_MASTER_enumSendStart
                0x00000aa4                I2C_MASTER_enumSendRepeatedStart
                0x00000b6c                I2C_MASTER_enumReadByte_With_NACK
                0x00000c04                I2C_SLAVE_Listen_Adress_MASTER_Read
                0x00000b44                I2C_MASTER_enumSendByte
                0x00000a08                I2C_voidInit
                0x00000c84                I2C_SLAVE_enumReadByte
                0x00000b14                I2C_MASTER_enumSendSlaveAddressWithWrite
                0x00000bd4                I2C_SLAVE_voidSetConfigure
                0x00000ba0                I2C_MASTER_enumReadByte_With_ACK
                0x00000c5c                I2C_SLAVE_enumSendByte_NACK
                0x00000ae2                I2C_MASTER_enumSendSlaveAddressWithRead
                0x00000ad0                I2C_MASTER_voidSendSTOP
                0x00000c30                I2C_SLAVE_Listen_Adress_MASTER_Write
 .text          0x00000cb2      0x104 CMakeFiles/SMART_LIGHT.elf.dir/MCAL/PWM/PWM_program.c.obj
                0x00000cb2                T0_FastPwm
                0x00000d40                T0_PhaseCorrectPwm
 .text          0x00000db6      0x1ac CMakeFiles/SMART_LIGHT.elf.dir/MCAL/UART/UART.c.obj
                0x00000e9c                USART_u8Recieve
                0x00000f42                USART_SendString
                0x00000eec                USART_u32RecieveNumberu32
                0x00000e8c                USART_voidSend
                0x00000eaa                USART_voidSendNumberu32
                0x00000db6                USART_voidInit
 .text          0x00000f62      0x204 CMakeFiles/SMART_LIGHT.elf.dir/APPLICATION/main.c.obj
                0x00000f62                EEPROM_ReadTime
                0x00000ff4                main
                0x00000f94                EEPROM_voidWriteTime
 .text          0x00001166        0x0 c:/winavr-20100110/bin/../lib/gcc/avr/4.3.3/avr5\libgcc.a(_udivmodqi4.o)
 .text          0x00001166        0x0 c:/winavr-20100110/bin/../lib/gcc/avr/4.3.3/avr5\libgcc.a(_exit.o)
 .text          0x00001166        0x0 c:/winavr-20100110/bin/../lib/gcc/avr/4.3.3/avr5\libgcc.a(_copy_data.o)
 .text          0x00001166        0x0 c:/winavr-20100110/bin/../lib/gcc/avr/4.3.3/avr5\libgcc.a(_clear_bss.o)
 .text          0x00001166       0xfe c:/winavr-20100110/bin/../lib/gcc/avr/4.3.3/avr5\libgcc.a(_ashldi3.o)
                0x00001166                __ashldi3
 .text          0x00001264       0x58 c:/winavr-20100110/bin/../lib/gcc/avr/4.3.3/avr5\libgcc.a(_fixunssfsi.o)
                0x00001264                __fixunssfsi
 .text          0x000012bc      0xcea c:/winavr-20100110/bin/../lib/gcc/avr/4.3.3/avr5\libgcc.a(_udivdi3.o)
                0x000012bc                __udivdi3
 .text          0x00001fa6      0x354 c:/winavr-20100110/bin/../lib/gcc/avr/4.3.3/avr5\libgcc.a(_addsub_sf.o)
                0x0000223e                __subsf3
                0x000022a0                __addsf3
 .text          0x000022fa      0x1f4 c:/winavr-20100110/bin/../lib/gcc/avr/4.3.3/avr5\libgcc.a(_mul_sf.o)
                0x000022fa                __mulsf3
 .text          0x000024ee      0x158 c:/winavr-20100110/bin/../lib/gcc/avr/4.3.3/avr5\libgcc.a(_div_sf.o)
                0x000024ee                __divsf3
 .text          0x00002646       0x60 c:/winavr-20100110/bin/../lib/gcc/avr/4.3.3/avr5\libgcc.a(_ge_sf.o)
                0x00002646                __gesf2
 .text          0x000026a6       0xa8 c:/winavr-20100110/bin/../lib/gcc/avr/4.3.3/avr5\libgcc.a(_sf_to_si.o)
                0x000026a6                __fixsfsi
 .text          0x0000274e        0x0 c:/winavr-20100110/bin/../lib/gcc/avr/4.3.3/avr5\libgcc.a(_thenan_sf.o)
 .text          0x0000274e       0xf2 c:/winavr-20100110/bin/../lib/gcc/avr/4.3.3/avr5\libgcc.a(_usi_to_sf.o)
                0x0000274e                __floatunsisf
 .text          0x00002840        0x0 c:/winavr-20100110/bin/../lib/gcc/avr/4.3.3/avr5\libgcc.a(_mulsi3.o)
 .text          0x00002840        0x0 c:/winavr-20100110/bin/../lib/gcc/avr/4.3.3/avr5\libgcc.a(_udivmodsi4.o)
 .text          0x00002840        0x0 c:/winavr-20100110/bin/../lib/gcc/avr/4.3.3/avr5\libgcc.a(_prologue.o)
 .text          0x00002840        0x0 c:/winavr-20100110/bin/../lib/gcc/avr/4.3.3/avr5\libgcc.a(_epilogue.o)
 .text          0x00002840        0x0 c:/winavr-20100110/bin/../lib/gcc/avr/4.3.3/avr5\libgcc.a(_clz.o)
 .text          0x00002840       0x9e c:/winavr-20100110/bin/../lib/gcc/avr/4.3.3/avr5\libgcc.a(_clzsi2.o)
                0x00002840                __clzsi2
 .text          0x000028de      0x1aa c:/winavr-20100110/bin/../lib/gcc/avr/4.3.3/avr5\libgcc.a(_pack_sf.o)
                0x000028de                __pack_f
 .text          0x00002a88       0xf0 c:/winavr-20100110/bin/../lib/gcc/avr/4.3.3/avr5\libgcc.a(_unpack_sf.o)
                0x00002a88                __unpack_f
 .text          0x00002b78       0xb2 c:/winavr-20100110/bin/../lib/gcc/avr/4.3.3/avr5\libgcc.a(_fpcmp_parts_sf.o)
                0x00002b78                __fpcmp_parts_f
                0x00002c2a                . = ALIGN (0x2)
 *(.text.*)
 .text.avr-libc
                0x00002c2a        0x6 c:/winavr-20100110/bin/../lib/gcc/avr/4.3.3/../../../../avr/lib/avr5\libc.a(exit.o)
                0x00002c2a                exit
 .text.libgcc   0x00002c30       0x18 c:/winavr-20100110/bin/../lib/gcc/avr/4.3.3/avr5\libgcc.a(_udivmodqi4.o)
                0x00002c30                __udivmodqi4
 .text.libgcc   0x00002c48        0x0 c:/winavr-20100110/bin/../lib/gcc/avr/4.3.3/avr5\libgcc.a(_exit.o)
 .text.libgcc   0x00002c48        0x0 c:/winavr-20100110/bin/../lib/gcc/avr/4.3.3/avr5\libgcc.a(_copy_data.o)
 .text.libgcc   0x00002c48        0x0 c:/winavr-20100110/bin/../lib/gcc/avr/4.3.3/avr5\libgcc.a(_clear_bss.o)
 .text.libgcc   0x00002c48       0x3e c:/winavr-20100110/bin/../lib/gcc/avr/4.3.3/avr5\libgcc.a(_mulsi3.o)
                0x00002c48                __mulsi3
 .text.libgcc   0x00002c86       0x44 c:/winavr-20100110/bin/../lib/gcc/avr/4.3.3/avr5\libgcc.a(_udivmodsi4.o)
                0x00002c86                __udivmodsi4
 .text.libgcc   0x00002cca       0x38 c:/winavr-20100110/bin/../lib/gcc/avr/4.3.3/avr5\libgcc.a(_prologue.o)
                0x00002cca                __prologue_saves__
 .text.libgcc   0x00002d02       0x36 c:/winavr-20100110/bin/../lib/gcc/avr/4.3.3/avr5\libgcc.a(_epilogue.o)
                0x00002d02                __epilogue_restores__
                0x00002d38                . = ALIGN (0x2)
 *(.fini9)
 .fini9         0x00002d38        0x0 c:/winavr-20100110/bin/../lib/gcc/avr/4.3.3/avr5\libgcc.a(_exit.o)
                0x00002d38                _exit
 *(.fini9)
 *(.fini8)
 *(.fini8)
 *(.fini7)
 *(.fini7)
 *(.fini6)
 *(.fini6)
 *(.fini5)
 *(.fini5)
 *(.fini4)
 *(.fini4)
 *(.fini3)
 *(.fini3)
 *(.fini2)
 *(.fini2)
 *(.fini1)
 *(.fini1)
 *(.fini0)
 .fini0         0x00002d38        0x4 c:/winavr-20100110/bin/../lib/gcc/avr/4.3.3/avr5\libgcc.a(_exit.o)
 *(.fini0)
                0x00002d3c                _etext = .

.data           0x00800060      0x10c load address 0x00002d3c
                0x00800060                PROVIDE (__data_start, .)
 *(.data)
 .data          0x00800060        0x0 c:/winavr-20100110/bin/../lib/gcc/avr/4.3.3/../../../../avr/lib/avr5/crtm32.o
 .data          0x00800060        0x0 c:/winavr-20100110/bin/../lib/gcc/avr/4.3.3/../../../../avr/lib/avr5\libc.a(exit.o)
 .data          0x00800060        0x0 CMakeFiles/SMART_LIGHT.elf.dir/HAL/EEPROM/EEPROM_program.c.obj
 .data          0x00800060        0x0 CMakeFiles/SMART_LIGHT.elf.dir/HAL/LDR/LDR_program.c.obj
 .data          0x00800060        0x0 CMakeFiles/SMART_LIGHT.elf.dir/HAL/RTC_DS1307/RTC_program.c.obj
 .data          0x00800060        0x0 CMakeFiles/SMART_LIGHT.elf.dir/MCAL/ADC/ADC_program.c.obj
 .data          0x00800060        0x0 CMakeFiles/SMART_LIGHT.elf.dir/MCAL/DIO/DIO_program.c.obj
 .data          0x00800060        0x0 CMakeFiles/SMART_LIGHT.elf.dir/MCAL/IIC/I2C_program.c.obj
 .data          0x00800060        0x0 CMakeFiles/SMART_LIGHT.elf.dir/MCAL/PWM/PWM_program.c.obj
 .data          0x00800060        0x0 CMakeFiles/SMART_LIGHT.elf.dir/MCAL/UART/UART.c.obj
 .data          0x00800060        0x4 CMakeFiles/SMART_LIGHT.elf.dir/APPLICATION/main.c.obj
                0x00800061                Local_u8EEpromWRSET_MIN
                0x00800060                Local_u8EEpromWRSET_HOURS
                0x00800063                Local_u8EEpromWRRIS_Min
                0x00800062                Local_u8EEpromWRRIS_Hours
 .data          0x00800064        0x0 c:/winavr-20100110/bin/../lib/gcc/avr/4.3.3/avr5\libgcc.a(_udivmodqi4.o)
 .data          0x00800064        0x0 c:/winavr-20100110/bin/../lib/gcc/avr/4.3.3/avr5\libgcc.a(_exit.o)
 .data          0x00800064        0x0 c:/winavr-20100110/bin/../lib/gcc/avr/4.3.3/avr5\libgcc.a(_copy_data.o)
 .data          0x00800064        0x0 c:/winavr-20100110/bin/../lib/gcc/avr/4.3.3/avr5\libgcc.a(_clear_bss.o)
 .data          0x00800064        0x0 c:/winavr-20100110/bin/../lib/gcc/avr/4.3.3/avr5\libgcc.a(_ashldi3.o)
 .data          0x00800064        0x0 c:/winavr-20100110/bin/../lib/gcc/avr/4.3.3/avr5\libgcc.a(_fixunssfsi.o)
 .data          0x00800064        0x0 c:/winavr-20100110/bin/../lib/gcc/avr/4.3.3/avr5\libgcc.a(_udivdi3.o)
 .data          0x00800064        0x0 c:/winavr-20100110/bin/../lib/gcc/avr/4.3.3/avr5\libgcc.a(_addsub_sf.o)
 .data          0x00800064        0x0 c:/winavr-20100110/bin/../lib/gcc/avr/4.3.3/avr5\libgcc.a(_mul_sf.o)
 .data          0x00800064        0x0 c:/winavr-20100110/bin/../lib/gcc/avr/4.3.3/avr5\libgcc.a(_div_sf.o)
 .data          0x00800064        0x0 c:/winavr-20100110/bin/../lib/gcc/avr/4.3.3/avr5\libgcc.a(_ge_sf.o)
 .data          0x00800064        0x0 c:/winavr-20100110/bin/../lib/gcc/avr/4.3.3/avr5\libgcc.a(_sf_to_si.o)
 .data          0x00800064        0x8 c:/winavr-20100110/bin/../lib/gcc/avr/4.3.3/avr5\libgcc.a(_thenan_sf.o)
                0x00800064                __thenan_sf
 .data          0x0080006c        0x0 c:/winavr-20100110/bin/../lib/gcc/avr/4.3.3/avr5\libgcc.a(_usi_to_sf.o)
 .data          0x0080006c        0x0 c:/winavr-20100110/bin/../lib/gcc/avr/4.3.3/avr5\libgcc.a(_mulsi3.o)
 .data          0x0080006c        0x0 c:/winavr-20100110/bin/../lib/gcc/avr/4.3.3/avr5\libgcc.a(_udivmodsi4.o)
 .data          0x0080006c        0x0 c:/winavr-20100110/bin/../lib/gcc/avr/4.3.3/avr5\libgcc.a(_prologue.o)
 .data          0x0080006c        0x0 c:/winavr-20100110/bin/../lib/gcc/avr/4.3.3/avr5\libgcc.a(_epilogue.o)
 .data          0x0080006c      0x100 c:/winavr-20100110/bin/../lib/gcc/avr/4.3.3/avr5\libgcc.a(_clz.o)
                0x0080006c                __clz_tab
 .data          0x0080016c        0x0 c:/winavr-20100110/bin/../lib/gcc/avr/4.3.3/avr5\libgcc.a(_clzsi2.o)
 .data          0x0080016c        0x0 c:/winavr-20100110/bin/../lib/gcc/avr/4.3.3/avr5\libgcc.a(_pack_sf.o)
 .data          0x0080016c        0x0 c:/winavr-20100110/bin/../lib/gcc/avr/4.3.3/avr5\libgcc.a(_unpack_sf.o)
 .data          0x0080016c        0x0 c:/winavr-20100110/bin/../lib/gcc/avr/4.3.3/avr5\libgcc.a(_fpcmp_parts_sf.o)
 *(.data*)
 *(.rodata)
 *(.rodata*)
 *(.gnu.linkonce.d*)
                0x0080016c                . = ALIGN (0x2)
                0x0080016c                _edata = .
                0x0080016c                PROVIDE (__data_end, .)

.bss            0x0080016c        0x4
                0x0080016c                PROVIDE (__bss_start, .)
 *(.bss)
 .bss           0x0080016c        0x0 c:/winavr-20100110/bin/../lib/gcc/avr/4.3.3/../../../../avr/lib/avr5/crtm32.o
 .bss           0x0080016c        0x0 c:/winavr-20100110/bin/../lib/gcc/avr/4.3.3/../../../../avr/lib/avr5\libc.a(exit.o)
 .bss           0x0080016c        0x0 CMakeFiles/SMART_LIGHT.elf.dir/HAL/EEPROM/EEPROM_program.c.obj
 .bss           0x0080016c        0x0 CMakeFiles/SMART_LIGHT.elf.dir/HAL/LDR/LDR_program.c.obj
 .bss           0x0080016c        0x0 CMakeFiles/SMART_LIGHT.elf.dir/HAL/RTC_DS1307/RTC_program.c.obj
 .bss           0x0080016c        0x0 CMakeFiles/SMART_LIGHT.elf.dir/MCAL/ADC/ADC_program.c.obj
 .bss           0x0080016c        0x0 CMakeFiles/SMART_LIGHT.elf.dir/MCAL/DIO/DIO_program.c.obj
 .bss           0x0080016c        0x0 CMakeFiles/SMART_LIGHT.elf.dir/MCAL/IIC/I2C_program.c.obj
 .bss           0x0080016c        0x0 CMakeFiles/SMART_LIGHT.elf.dir/MCAL/PWM/PWM_program.c.obj
 .bss           0x0080016c        0x0 CMakeFiles/SMART_LIGHT.elf.dir/MCAL/UART/UART.c.obj
 .bss           0x0080016c        0x4 CMakeFiles/SMART_LIGHT.elf.dir/APPLICATION/main.c.obj
                0x0080016e                Local_u8EEpromRIS_Hours
                0x0080016f                Local_u8EEpromRIS_Min
                0x0080016d                Local_u8EEpromSET_MIN
                0x0080016c                Local_u8EEpromSET_HOURS
 .bss           0x00800170        0x0 c:/winavr-20100110/bin/../lib/gcc/avr/4.3.3/avr5\libgcc.a(_udivmodqi4.o)
 .bss           0x00800170        0x0 c:/winavr-20100110/bin/../lib/gcc/avr/4.3.3/avr5\libgcc.a(_exit.o)
 .bss           0x00800170        0x0 c:/winavr-20100110/bin/../lib/gcc/avr/4.3.3/avr5\libgcc.a(_copy_data.o)
 .bss           0x00800170        0x0 c:/winavr-20100110/bin/../lib/gcc/avr/4.3.3/avr5\libgcc.a(_clear_bss.o)
 .bss           0x00800170        0x0 c:/winavr-20100110/bin/../lib/gcc/avr/4.3.3/avr5\libgcc.a(_ashldi3.o)
 .bss           0x00800170        0x0 c:/winavr-20100110/bin/../lib/gcc/avr/4.3.3/avr5\libgcc.a(_fixunssfsi.o)
 .bss           0x00800170        0x0 c:/winavr-20100110/bin/../lib/gcc/avr/4.3.3/avr5\libgcc.a(_udivdi3.o)
 .bss           0x00800170        0x0 c:/winavr-20100110/bin/../lib/gcc/avr/4.3.3/avr5\libgcc.a(_addsub_sf.o)
 .bss           0x00800170        0x0 c:/winavr-20100110/bin/../lib/gcc/avr/4.3.3/avr5\libgcc.a(_mul_sf.o)
 .bss           0x00800170        0x0 c:/winavr-20100110/bin/../lib/gcc/avr/4.3.3/avr5\libgcc.a(_div_sf.o)
 .bss           0x00800170        0x0 c:/winavr-20100110/bin/../lib/gcc/avr/4.3.3/avr5\libgcc.a(_ge_sf.o)
 .bss           0x00800170        0x0 c:/winavr-20100110/bin/../lib/gcc/avr/4.3.3/avr5\libgcc.a(_sf_to_si.o)
 .bss           0x00800170        0x0 c:/winavr-20100110/bin/../lib/gcc/avr/4.3.3/avr5\libgcc.a(_thenan_sf.o)
 .bss           0x00800170        0x0 c:/winavr-20100110/bin/../lib/gcc/avr/4.3.3/avr5\libgcc.a(_usi_to_sf.o)
 .bss           0x00800170        0x0 c:/winavr-20100110/bin/../lib/gcc/avr/4.3.3/avr5\libgcc.a(_mulsi3.o)
 .bss           0x00800170        0x0 c:/winavr-20100110/bin/../lib/gcc/avr/4.3.3/avr5\libgcc.a(_udivmodsi4.o)
 .bss           0x00800170        0x0 c:/winavr-20100110/bin/../lib/gcc/avr/4.3.3/avr5\libgcc.a(_prologue.o)
 .bss           0x00800170        0x0 c:/winavr-20100110/bin/../lib/gcc/avr/4.3.3/avr5\libgcc.a(_epilogue.o)
 .bss           0x00800170        0x0 c:/winavr-20100110/bin/../lib/gcc/avr/4.3.3/avr5\libgcc.a(_clz.o)
 .bss           0x00800170        0x0 c:/winavr-20100110/bin/../lib/gcc/avr/4.3.3/avr5\libgcc.a(_clzsi2.o)
 .bss           0x00800170        0x0 c:/winavr-20100110/bin/../lib/gcc/avr/4.3.3/avr5\libgcc.a(_pack_sf.o)
 .bss           0x00800170        0x0 c:/winavr-20100110/bin/../lib/gcc/avr/4.3.3/avr5\libgcc.a(_unpack_sf.o)
 .bss           0x00800170        0x0 c:/winavr-20100110/bin/../lib/gcc/avr/4.3.3/avr5\libgcc.a(_fpcmp_parts_sf.o)
 *(.bss*)
 *(COMMON)
                0x00800170                PROVIDE (__bss_end, .)
                0x00002d3c                __data_load_start = LOADADDR (.data)
                0x00002e48                __data_load_end = (__data_load_start + SIZEOF (.data))

.noinit         0x00800170        0x0
                0x00800170                PROVIDE (__noinit_start, .)
 *(.noinit*)
                0x00800170                PROVIDE (__noinit_end, .)
                0x00800170                _end = .
                0x00800170                PROVIDE (__heap_start, .)

.eeprom         0x00810000        0x0
 *(.eeprom*)
                0x00810000                __eeprom_end = .

.fuse
 *(.fuse)
 *(.lfuse)
 *(.hfuse)
 *(.efuse)

.lock
 *(.lock*)

.signature
 *(.signature*)

.stab
 *(.stab)

.stabstr
 *(.stabstr)

.stab.excl
 *(.stab.excl)

.stab.exclstr
 *(.stab.exclstr)

.stab.index
 *(.stab.index)

.stab.indexstr
 *(.stab.indexstr)

.comment
 *(.comment)

.debug
 *(.debug)

.line
 *(.line)

.debug_srcinfo
 *(.debug_srcinfo)

.debug_sfnames
 *(.debug_sfnames)

.debug_aranges  0x00000000      0x2c0
 *(.debug_aranges)
 .debug_aranges
                0x00000000       0x20 CMakeFiles/SMART_LIGHT.elf.dir/HAL/EEPROM/EEPROM_program.c.obj
 .debug_aranges
                0x00000020       0x20 CMakeFiles/SMART_LIGHT.elf.dir/HAL/LDR/LDR_program.c.obj
 .debug_aranges
                0x00000040       0x20 CMakeFiles/SMART_LIGHT.elf.dir/HAL/RTC_DS1307/RTC_program.c.obj
 .debug_aranges
                0x00000060       0x20 CMakeFiles/SMART_LIGHT.elf.dir/MCAL/ADC/ADC_program.c.obj
 .debug_aranges
                0x00000080       0x20 CMakeFiles/SMART_LIGHT.elf.dir/MCAL/DIO/DIO_program.c.obj
 .debug_aranges
                0x000000a0       0x20 CMakeFiles/SMART_LIGHT.elf.dir/MCAL/IIC/I2C_program.c.obj
 .debug_aranges
                0x000000c0       0x20 CMakeFiles/SMART_LIGHT.elf.dir/MCAL/PWM/PWM_program.c.obj
 .debug_aranges
                0x000000e0       0x20 CMakeFiles/SMART_LIGHT.elf.dir/MCAL/UART/UART.c.obj
 .debug_aranges
                0x00000100       0x20 CMakeFiles/SMART_LIGHT.elf.dir/APPLICATION/main.c.obj
 .debug_aranges
                0x00000120       0x20 c:/winavr-20100110/bin/../lib/gcc/avr/4.3.3/avr5\libgcc.a(_ashldi3.o)
 .debug_aranges
                0x00000140       0x20 c:/winavr-20100110/bin/../lib/gcc/avr/4.3.3/avr5\libgcc.a(_fixunssfsi.o)
 .debug_aranges
                0x00000160       0x20 c:/winavr-20100110/bin/../lib/gcc/avr/4.3.3/avr5\libgcc.a(_udivdi3.o)
 .debug_aranges
                0x00000180       0x20 c:/winavr-20100110/bin/../lib/gcc/avr/4.3.3/avr5\libgcc.a(_addsub_sf.o)
 .debug_aranges
                0x000001a0       0x20 c:/winavr-20100110/bin/../lib/gcc/avr/4.3.3/avr5\libgcc.a(_mul_sf.o)
 .debug_aranges
                0x000001c0       0x20 c:/winavr-20100110/bin/../lib/gcc/avr/4.3.3/avr5\libgcc.a(_div_sf.o)
 .debug_aranges
                0x000001e0       0x20 c:/winavr-20100110/bin/../lib/gcc/avr/4.3.3/avr5\libgcc.a(_ge_sf.o)
 .debug_aranges
                0x00000200       0x20 c:/winavr-20100110/bin/../lib/gcc/avr/4.3.3/avr5\libgcc.a(_sf_to_si.o)
 .debug_aranges
                0x00000220       0x20 c:/winavr-20100110/bin/../lib/gcc/avr/4.3.3/avr5\libgcc.a(_usi_to_sf.o)
 .debug_aranges
                0x00000240       0x20 c:/winavr-20100110/bin/../lib/gcc/avr/4.3.3/avr5\libgcc.a(_clzsi2.o)
 .debug_aranges
                0x00000260       0x20 c:/winavr-20100110/bin/../lib/gcc/avr/4.3.3/avr5\libgcc.a(_pack_sf.o)
 .debug_aranges
                0x00000280       0x20 c:/winavr-20100110/bin/../lib/gcc/avr/4.3.3/avr5\libgcc.a(_unpack_sf.o)
 .debug_aranges
                0x000002a0       0x20 c:/winavr-20100110/bin/../lib/gcc/avr/4.3.3/avr5\libgcc.a(_fpcmp_parts_sf.o)

.debug_pubnames
                0x00000000      0x7e3
 *(.debug_pubnames)
 .debug_pubnames
                0x00000000       0x58 CMakeFiles/SMART_LIGHT.elf.dir/HAL/EEPROM/EEPROM_program.c.obj
 .debug_pubnames
                0x00000058       0x40 CMakeFiles/SMART_LIGHT.elf.dir/HAL/LDR/LDR_program.c.obj
 .debug_pubnames
                0x00000098       0x72 CMakeFiles/SMART_LIGHT.elf.dir/HAL/RTC_DS1307/RTC_program.c.obj
 .debug_pubnames
                0x0000010a       0x33 CMakeFiles/SMART_LIGHT.elf.dir/MCAL/ADC/ADC_program.c.obj
 .debug_pubnames
                0x0000013d       0xa9 CMakeFiles/SMART_LIGHT.elf.dir/MCAL/DIO/DIO_program.c.obj
 .debug_pubnames
                0x000001e6      0x20c CMakeFiles/SMART_LIGHT.elf.dir/MCAL/IIC/I2C_program.c.obj
 .debug_pubnames
                0x000003f2       0x38 CMakeFiles/SMART_LIGHT.elf.dir/MCAL/PWM/PWM_program.c.obj
 .debug_pubnames
                0x0000042a       0x9b CMakeFiles/SMART_LIGHT.elf.dir/MCAL/UART/UART.c.obj
 .debug_pubnames
                0x000004c5      0x128 CMakeFiles/SMART_LIGHT.elf.dir/APPLICATION/main.c.obj
 .debug_pubnames
                0x000005ed       0x20 c:/winavr-20100110/bin/../lib/gcc/avr/4.3.3/avr5\libgcc.a(_ashldi3.o)
 .debug_pubnames
                0x0000060d       0x23 c:/winavr-20100110/bin/../lib/gcc/avr/4.3.3/avr5\libgcc.a(_fixunssfsi.o)
 .debug_pubnames
                0x00000630       0x20 c:/winavr-20100110/bin/../lib/gcc/avr/4.3.3/avr5\libgcc.a(_udivdi3.o)
 .debug_pubnames
                0x00000650       0x2c c:/winavr-20100110/bin/../lib/gcc/avr/4.3.3/avr5\libgcc.a(_addsub_sf.o)
 .debug_pubnames
                0x0000067c       0x1f c:/winavr-20100110/bin/../lib/gcc/avr/4.3.3/avr5\libgcc.a(_mul_sf.o)
 .debug_pubnames
                0x0000069b       0x1f c:/winavr-20100110/bin/../lib/gcc/avr/4.3.3/avr5\libgcc.a(_div_sf.o)
 .debug_pubnames
                0x000006ba       0x1e c:/winavr-20100110/bin/../lib/gcc/avr/4.3.3/avr5\libgcc.a(_ge_sf.o)
 .debug_pubnames
                0x000006d8       0x20 c:/winavr-20100110/bin/../lib/gcc/avr/4.3.3/avr5\libgcc.a(_sf_to_si.o)
 .debug_pubnames
                0x000006f8       0x22 c:/winavr-20100110/bin/../lib/gcc/avr/4.3.3/avr5\libgcc.a(_thenan_sf.o)
 .debug_pubnames
                0x0000071a       0x24 c:/winavr-20100110/bin/../lib/gcc/avr/4.3.3/avr5\libgcc.a(_usi_to_sf.o)
 .debug_pubnames
                0x0000073e       0x20 c:/winavr-20100110/bin/../lib/gcc/avr/4.3.3/avr5\libgcc.a(_clz.o)
 .debug_pubnames
                0x0000075e       0x1f c:/winavr-20100110/bin/../lib/gcc/avr/4.3.3/avr5\libgcc.a(_clzsi2.o)
 .debug_pubnames
                0x0000077d       0x1f c:/winavr-20100110/bin/../lib/gcc/avr/4.3.3/avr5\libgcc.a(_pack_sf.o)
 .debug_pubnames
                0x0000079c       0x21 c:/winavr-20100110/bin/../lib/gcc/avr/4.3.3/avr5\libgcc.a(_unpack_sf.o)
 .debug_pubnames
                0x000007bd       0x26 c:/winavr-20100110/bin/../lib/gcc/avr/4.3.3/avr5\libgcc.a(_fpcmp_parts_sf.o)

.debug_info     0x00000000     0x3bbf
 *(.debug_info)
 .debug_info    0x00000000      0x14a CMakeFiles/SMART_LIGHT.elf.dir/HAL/EEPROM/EEPROM_program.c.obj
 .debug_info    0x0000014a      0x13b CMakeFiles/SMART_LIGHT.elf.dir/HAL/LDR/LDR_program.c.obj
 .debug_info    0x00000285      0x32c CMakeFiles/SMART_LIGHT.elf.dir/HAL/RTC_DS1307/RTC_program.c.obj
 .debug_info    0x000005b1       0xc4 CMakeFiles/SMART_LIGHT.elf.dir/MCAL/ADC/ADC_program.c.obj
 .debug_info    0x00000675      0x2c2 CMakeFiles/SMART_LIGHT.elf.dir/MCAL/DIO/DIO_program.c.obj
 .debug_info    0x00000937      0x49f CMakeFiles/SMART_LIGHT.elf.dir/MCAL/IIC/I2C_program.c.obj
 .debug_info    0x00000dd6       0xe7 CMakeFiles/SMART_LIGHT.elf.dir/MCAL/PWM/PWM_program.c.obj
 .debug_info    0x00000ebd      0x1b9 CMakeFiles/SMART_LIGHT.elf.dir/MCAL/UART/UART.c.obj
 .debug_info    0x00001076      0x39f CMakeFiles/SMART_LIGHT.elf.dir/APPLICATION/main.c.obj
 .debug_info    0x00001415      0x17f c:/winavr-20100110/bin/../lib/gcc/avr/4.3.3/avr5\libgcc.a(_ashldi3.o)
 .debug_info    0x00001594       0xb1 c:/winavr-20100110/bin/../lib/gcc/avr/4.3.3/avr5\libgcc.a(_fixunssfsi.o)
 .debug_info    0x00001645      0x71e c:/winavr-20100110/bin/../lib/gcc/avr/4.3.3/avr5\libgcc.a(_udivdi3.o)
 .debug_info    0x00001d63      0x47a c:/winavr-20100110/bin/../lib/gcc/avr/4.3.3/avr5\libgcc.a(_addsub_sf.o)
 .debug_info    0x000021dd      0x485 c:/winavr-20100110/bin/../lib/gcc/avr/4.3.3/avr5\libgcc.a(_mul_sf.o)
 .debug_info    0x00002662      0x3fc c:/winavr-20100110/bin/../lib/gcc/avr/4.3.3/avr5\libgcc.a(_div_sf.o)
 .debug_info    0x00002a5e      0x27f c:/winavr-20100110/bin/../lib/gcc/avr/4.3.3/avr5\libgcc.a(_ge_sf.o)
 .debug_info    0x00002cdd      0x2b0 c:/winavr-20100110/bin/../lib/gcc/avr/4.3.3/avr5\libgcc.a(_sf_to_si.o)
 .debug_info    0x00002f8d      0x12c c:/winavr-20100110/bin/../lib/gcc/avr/4.3.3/avr5\libgcc.a(_thenan_sf.o)
 .debug_info    0x000030b9      0x206 c:/winavr-20100110/bin/../lib/gcc/avr/4.3.3/avr5\libgcc.a(_usi_to_sf.o)
 .debug_info    0x000032bf       0xa9 c:/winavr-20100110/bin/../lib/gcc/avr/4.3.3/avr5\libgcc.a(_clz.o)
 .debug_info    0x00003368      0x117 c:/winavr-20100110/bin/../lib/gcc/avr/4.3.3/avr5\libgcc.a(_clzsi2.o)
 .debug_info    0x0000347f      0x2df c:/winavr-20100110/bin/../lib/gcc/avr/4.3.3/avr5\libgcc.a(_pack_sf.o)
 .debug_info    0x0000375e      0x251 c:/winavr-20100110/bin/../lib/gcc/avr/4.3.3/avr5\libgcc.a(_unpack_sf.o)
 .debug_info    0x000039af      0x210 c:/winavr-20100110/bin/../lib/gcc/avr/4.3.3/avr5\libgcc.a(_fpcmp_parts_sf.o)
 *(.gnu.linkonce.wi.*)

.debug_abbrev   0x00000000     0x1ae8
 *(.debug_abbrev)
 .debug_abbrev  0x00000000       0xa2 CMakeFiles/SMART_LIGHT.elf.dir/HAL/EEPROM/EEPROM_program.c.obj
 .debug_abbrev  0x000000a2       0xa3 CMakeFiles/SMART_LIGHT.elf.dir/HAL/LDR/LDR_program.c.obj
 .debug_abbrev  0x00000145      0x145 CMakeFiles/SMART_LIGHT.elf.dir/HAL/RTC_DS1307/RTC_program.c.obj
 .debug_abbrev  0x0000028a       0x72 CMakeFiles/SMART_LIGHT.elf.dir/MCAL/ADC/ADC_program.c.obj
 .debug_abbrev  0x000002fc       0xb3 CMakeFiles/SMART_LIGHT.elf.dir/MCAL/DIO/DIO_program.c.obj
 .debug_abbrev  0x000003af      0x162 CMakeFiles/SMART_LIGHT.elf.dir/MCAL/IIC/I2C_program.c.obj
 .debug_abbrev  0x00000511       0x65 CMakeFiles/SMART_LIGHT.elf.dir/MCAL/PWM/PWM_program.c.obj
 .debug_abbrev  0x00000576       0xcc CMakeFiles/SMART_LIGHT.elf.dir/MCAL/UART/UART.c.obj
 .debug_abbrev  0x00000642      0x165 CMakeFiles/SMART_LIGHT.elf.dir/APPLICATION/main.c.obj
 .debug_abbrev  0x000007a7       0xee c:/winavr-20100110/bin/../lib/gcc/avr/4.3.3/avr5\libgcc.a(_ashldi3.o)
 .debug_abbrev  0x00000895       0x5d c:/winavr-20100110/bin/../lib/gcc/avr/4.3.3/avr5\libgcc.a(_fixunssfsi.o)
 .debug_abbrev  0x000008f2      0x181 c:/winavr-20100110/bin/../lib/gcc/avr/4.3.3/avr5\libgcc.a(_udivdi3.o)
 .debug_abbrev  0x00000a73      0x1ea c:/winavr-20100110/bin/../lib/gcc/avr/4.3.3/avr5\libgcc.a(_addsub_sf.o)
 .debug_abbrev  0x00000c5d      0x21b c:/winavr-20100110/bin/../lib/gcc/avr/4.3.3/avr5\libgcc.a(_mul_sf.o)
 .debug_abbrev  0x00000e78      0x216 c:/winavr-20100110/bin/../lib/gcc/avr/4.3.3/avr5\libgcc.a(_div_sf.o)
 .debug_abbrev  0x0000108e      0x15a c:/winavr-20100110/bin/../lib/gcc/avr/4.3.3/avr5\libgcc.a(_ge_sf.o)
 .debug_abbrev  0x000011e8      0x17f c:/winavr-20100110/bin/../lib/gcc/avr/4.3.3/avr5\libgcc.a(_sf_to_si.o)
 .debug_abbrev  0x00001367       0xad c:/winavr-20100110/bin/../lib/gcc/avr/4.3.3/avr5\libgcc.a(_thenan_sf.o)
 .debug_abbrev  0x00001414      0x157 c:/winavr-20100110/bin/../lib/gcc/avr/4.3.3/avr5\libgcc.a(_usi_to_sf.o)
 .debug_abbrev  0x0000156b       0x6a c:/winavr-20100110/bin/../lib/gcc/avr/4.3.3/avr5\libgcc.a(_clz.o)
 .debug_abbrev  0x000015d5       0xc4 c:/winavr-20100110/bin/../lib/gcc/avr/4.3.3/avr5\libgcc.a(_clzsi2.o)
 .debug_abbrev  0x00001699      0x1c0 c:/winavr-20100110/bin/../lib/gcc/avr/4.3.3/avr5\libgcc.a(_pack_sf.o)
 .debug_abbrev  0x00001859      0x154 c:/winavr-20100110/bin/../lib/gcc/avr/4.3.3/avr5\libgcc.a(_unpack_sf.o)
 .debug_abbrev  0x000019ad      0x13b c:/winavr-20100110/bin/../lib/gcc/avr/4.3.3/avr5\libgcc.a(_fpcmp_parts_sf.o)

.debug_line     0x00000000     0x2893
 *(.debug_line)
 .debug_line    0x00000000      0x1c5 CMakeFiles/SMART_LIGHT.elf.dir/HAL/EEPROM/EEPROM_program.c.obj
 .debug_line    0x000001c5      0x102 CMakeFiles/SMART_LIGHT.elf.dir/HAL/LDR/LDR_program.c.obj
 .debug_line    0x000002c7      0x392 CMakeFiles/SMART_LIGHT.elf.dir/HAL/RTC_DS1307/RTC_program.c.obj
 .debug_line    0x00000659      0x132 CMakeFiles/SMART_LIGHT.elf.dir/MCAL/ADC/ADC_program.c.obj
 .debug_line    0x0000078b      0x33a CMakeFiles/SMART_LIGHT.elf.dir/MCAL/DIO/DIO_program.c.obj
 .debug_line    0x00000ac5      0x3fe CMakeFiles/SMART_LIGHT.elf.dir/MCAL/IIC/I2C_program.c.obj
 .debug_line    0x00000ec3      0x152 CMakeFiles/SMART_LIGHT.elf.dir/MCAL/PWM/PWM_program.c.obj
 .debug_line    0x00001015      0x20d CMakeFiles/SMART_LIGHT.elf.dir/MCAL/UART/UART.c.obj
 .debug_line    0x00001222      0x392 CMakeFiles/SMART_LIGHT.elf.dir/APPLICATION/main.c.obj
 .debug_line    0x000015b4       0xd7 c:/winavr-20100110/bin/../lib/gcc/avr/4.3.3/avr5\libgcc.a(_ashldi3.o)
 .debug_line    0x0000168b       0xa7 c:/winavr-20100110/bin/../lib/gcc/avr/4.3.3/avr5\libgcc.a(_fixunssfsi.o)
 .debug_line    0x00001732      0x1d8 c:/winavr-20100110/bin/../lib/gcc/avr/4.3.3/avr5\libgcc.a(_udivdi3.o)
 .debug_line    0x0000190a      0x2af c:/winavr-20100110/bin/../lib/gcc/avr/4.3.3/avr5\libgcc.a(_addsub_sf.o)
 .debug_line    0x00001bb9      0x239 c:/winavr-20100110/bin/../lib/gcc/avr/4.3.3/avr5\libgcc.a(_mul_sf.o)
 .debug_line    0x00001df2      0x1d5 c:/winavr-20100110/bin/../lib/gcc/avr/4.3.3/avr5\libgcc.a(_div_sf.o)
 .debug_line    0x00001fc7       0xd3 c:/winavr-20100110/bin/../lib/gcc/avr/4.3.3/avr5\libgcc.a(_ge_sf.o)
 .debug_line    0x0000209a      0x109 c:/winavr-20100110/bin/../lib/gcc/avr/4.3.3/avr5\libgcc.a(_sf_to_si.o)
 .debug_line    0x000021a3       0x90 c:/winavr-20100110/bin/../lib/gcc/avr/4.3.3/avr5\libgcc.a(_thenan_sf.o)
 .debug_line    0x00002233      0x133 c:/winavr-20100110/bin/../lib/gcc/avr/4.3.3/avr5\libgcc.a(_usi_to_sf.o)
 .debug_line    0x00002366       0x7c c:/winavr-20100110/bin/../lib/gcc/avr/4.3.3/avr5\libgcc.a(_clz.o)
 .debug_line    0x000023e2       0xa5 c:/winavr-20100110/bin/../lib/gcc/avr/4.3.3/avr5\libgcc.a(_clzsi2.o)
 .debug_line    0x00002487      0x18a c:/winavr-20100110/bin/../lib/gcc/avr/4.3.3/avr5\libgcc.a(_pack_sf.o)
 .debug_line    0x00002611      0x14b c:/winavr-20100110/bin/../lib/gcc/avr/4.3.3/avr5\libgcc.a(_unpack_sf.o)
 .debug_line    0x0000275c      0x137 c:/winavr-20100110/bin/../lib/gcc/avr/4.3.3/avr5\libgcc.a(_fpcmp_parts_sf.o)

.debug_frame    0x00000000      0x510
 *(.debug_frame)
 .debug_frame   0x00000000       0x40 CMakeFiles/SMART_LIGHT.elf.dir/HAL/EEPROM/EEPROM_program.c.obj
 .debug_frame   0x00000040       0x30 CMakeFiles/SMART_LIGHT.elf.dir/HAL/LDR/LDR_program.c.obj
 .debug_frame   0x00000070       0x50 CMakeFiles/SMART_LIGHT.elf.dir/HAL/RTC_DS1307/RTC_program.c.obj
 .debug_frame   0x000000c0       0x30 CMakeFiles/SMART_LIGHT.elf.dir/MCAL/ADC/ADC_program.c.obj
 .debug_frame   0x000000f0       0x80 CMakeFiles/SMART_LIGHT.elf.dir/MCAL/DIO/DIO_program.c.obj
 .debug_frame   0x00000170      0x100 CMakeFiles/SMART_LIGHT.elf.dir/MCAL/IIC/I2C_program.c.obj
 .debug_frame   0x00000270       0x30 CMakeFiles/SMART_LIGHT.elf.dir/MCAL/PWM/PWM_program.c.obj
 .debug_frame   0x000002a0       0x70 CMakeFiles/SMART_LIGHT.elf.dir/MCAL/UART/UART.c.obj
 .debug_frame   0x00000310       0x40 CMakeFiles/SMART_LIGHT.elf.dir/APPLICATION/main.c.obj
 .debug_frame   0x00000350       0x20 c:/winavr-20100110/bin/../lib/gcc/avr/4.3.3/avr5\libgcc.a(_ashldi3.o)
 .debug_frame   0x00000370       0x20 c:/winavr-20100110/bin/../lib/gcc/avr/4.3.3/avr5\libgcc.a(_fixunssfsi.o)
 .debug_frame   0x00000390       0x20 c:/winavr-20100110/bin/../lib/gcc/avr/4.3.3/avr5\libgcc.a(_udivdi3.o)
 .debug_frame   0x000003b0       0x40 c:/winavr-20100110/bin/../lib/gcc/avr/4.3.3/avr5\libgcc.a(_addsub_sf.o)
 .debug_frame   0x000003f0       0x20 c:/winavr-20100110/bin/../lib/gcc/avr/4.3.3/avr5\libgcc.a(_mul_sf.o)
 .debug_frame   0x00000410       0x20 c:/winavr-20100110/bin/../lib/gcc/avr/4.3.3/avr5\libgcc.a(_div_sf.o)
 .debug_frame   0x00000430       0x20 c:/winavr-20100110/bin/../lib/gcc/avr/4.3.3/avr5\libgcc.a(_ge_sf.o)
 .debug_frame   0x00000450       0x20 c:/winavr-20100110/bin/../lib/gcc/avr/4.3.3/avr5\libgcc.a(_sf_to_si.o)
 .debug_frame   0x00000470       0x20 c:/winavr-20100110/bin/../lib/gcc/avr/4.3.3/avr5\libgcc.a(_usi_to_sf.o)
 .debug_frame   0x00000490       0x20 c:/winavr-20100110/bin/../lib/gcc/avr/4.3.3/avr5\libgcc.a(_clzsi2.o)
 .debug_frame   0x000004b0       0x20 c:/winavr-20100110/bin/../lib/gcc/avr/4.3.3/avr5\libgcc.a(_pack_sf.o)
 .debug_frame   0x000004d0       0x20 c:/winavr-20100110/bin/../lib/gcc/avr/4.3.3/avr5\libgcc.a(_unpack_sf.o)
 .debug_frame   0x000004f0       0x20 c:/winavr-20100110/bin/../lib/gcc/avr/4.3.3/avr5\libgcc.a(_fpcmp_parts_sf.o)

.debug_str      0x00000000      0xe83
 *(.debug_str)
 .debug_str     0x00000000      0x11b CMakeFiles/SMART_LIGHT.elf.dir/HAL/EEPROM/EEPROM_program.c.obj
                                0x148 (size before relaxing)
 .debug_str     0x0000011b       0xd6 CMakeFiles/SMART_LIGHT.elf.dir/HAL/LDR/LDR_program.c.obj
                                0x166 (size before relaxing)
 .debug_str     0x000001f1      0x1e7 CMakeFiles/SMART_LIGHT.elf.dir/HAL/RTC_DS1307/RTC_program.c.obj
                                0x2ae (size before relaxing)
 .debug_str     0x000003d8       0x6b CMakeFiles/SMART_LIGHT.elf.dir/MCAL/ADC/ADC_program.c.obj
                                 0xfb (size before relaxing)
 .debug_str     0x00000443      0x134 CMakeFiles/SMART_LIGHT.elf.dir/MCAL/DIO/DIO_program.c.obj
                                0x1c4 (size before relaxing)
 .debug_str     0x00000577      0x301 CMakeFiles/SMART_LIGHT.elf.dir/MCAL/IIC/I2C_program.c.obj
                                0x3c9 (size before relaxing)
 .debug_str     0x00000878       0x5c CMakeFiles/SMART_LIGHT.elf.dir/MCAL/PWM/PWM_program.c.obj
                                 0xec (size before relaxing)
 .debug_str     0x000008d4       0xeb CMakeFiles/SMART_LIGHT.elf.dir/MCAL/UART/UART.c.obj
                                0x185 (size before relaxing)
 .debug_str     0x000009bf      0x18e CMakeFiles/SMART_LIGHT.elf.dir/APPLICATION/main.c.obj
                                0x25f (size before relaxing)
 .debug_str     0x00000b4d       0xa0 c:/winavr-20100110/bin/../lib/gcc/avr/4.3.3/avr5\libgcc.a(_ashldi3.o)
                                0x131 (size before relaxing)
 .debug_str     0x00000bed       0x14 c:/winavr-20100110/bin/../lib/gcc/avr/4.3.3/avr5\libgcc.a(_fixunssfsi.o)
                                 0xfe (size before relaxing)
 .debug_str     0x00000c01       0x7c c:/winavr-20100110/bin/../lib/gcc/avr/4.3.3/avr5\libgcc.a(_udivdi3.o)
                                0x18a (size before relaxing)
 .debug_str     0x00000c7d      0x143 c:/winavr-20100110/bin/../lib/gcc/avr/4.3.3/avr5\libgcc.a(_addsub_sf.o)
                                0x206 (size before relaxing)
 .debug_str     0x00000dc0       0x27 c:/winavr-20100110/bin/../lib/gcc/avr/4.3.3/avr5\libgcc.a(_mul_sf.o)
                                0x1bf (size before relaxing)
 .debug_str     0x00000de7       0x35 c:/winavr-20100110/bin/../lib/gcc/avr/4.3.3/avr5\libgcc.a(_div_sf.o)
                                0x1c8 (size before relaxing)
 .debug_str     0x00000e1c        0x8 c:/winavr-20100110/bin/../lib/gcc/avr/4.3.3/avr5\libgcc.a(_ge_sf.o)
                                0x195 (size before relaxing)
 .debug_str     0x00000e24        0xa c:/winavr-20100110/bin/../lib/gcc/avr/4.3.3/avr5\libgcc.a(_sf_to_si.o)
                                0x19e (size before relaxing)
 .debug_str     0x00000000      0x103 c:/winavr-20100110/bin/../lib/gcc/avr/4.3.3/avr5\libgcc.a(_thenan_sf.o)
 .debug_str     0x00000e2e       0x21 c:/winavr-20100110/bin/../lib/gcc/avr/4.3.3/avr5\libgcc.a(_usi_to_sf.o)
                                0x177 (size before relaxing)
 .debug_str     0x00000000       0xf4 c:/winavr-20100110/bin/../lib/gcc/avr/4.3.3/avr5\libgcc.a(_clz.o)
 .debug_str     0x00000e4f        0x9 c:/winavr-20100110/bin/../lib/gcc/avr/4.3.3/avr5\libgcc.a(_clzsi2.o)
                                0x111 (size before relaxing)
 .debug_str     0x00000e58       0x10 c:/winavr-20100110/bin/../lib/gcc/avr/4.3.3/avr5\libgcc.a(_pack_sf.o)
                                0x19d (size before relaxing)
 .debug_str     0x00000e68        0xb c:/winavr-20100110/bin/../lib/gcc/avr/4.3.3/avr5\libgcc.a(_unpack_sf.o)
                                0x17f (size before relaxing)
 .debug_str     0x00000e73       0x10 c:/winavr-20100110/bin/../lib/gcc/avr/4.3.3/avr5\libgcc.a(_fpcmp_parts_sf.o)
                                0x163 (size before relaxing)

.debug_loc      0x00000000     0x28e1
 *(.debug_loc)
 .debug_loc     0x00000000      0x236 CMakeFiles/SMART_LIGHT.elf.dir/HAL/EEPROM/EEPROM_program.c.obj
 .debug_loc     0x00000236       0x4f CMakeFiles/SMART_LIGHT.elf.dir/HAL/LDR/LDR_program.c.obj
 .debug_loc     0x00000285      0x40b CMakeFiles/SMART_LIGHT.elf.dir/HAL/RTC_DS1307/RTC_program.c.obj
 .debug_loc     0x00000690       0x13 CMakeFiles/SMART_LIGHT.elf.dir/MCAL/ADC/ADC_program.c.obj
 .debug_loc     0x000006a3      0x575 CMakeFiles/SMART_LIGHT.elf.dir/MCAL/DIO/DIO_program.c.obj
 .debug_loc     0x00000c18      0x13c CMakeFiles/SMART_LIGHT.elf.dir/MCAL/IIC/I2C_program.c.obj
 .debug_loc     0x00000d54       0xe6 CMakeFiles/SMART_LIGHT.elf.dir/MCAL/PWM/PWM_program.c.obj
 .debug_loc     0x00000e3a      0x100 CMakeFiles/SMART_LIGHT.elf.dir/MCAL/UART/UART.c.obj
 .debug_loc     0x00000f3a      0x145 CMakeFiles/SMART_LIGHT.elf.dir/APPLICATION/main.c.obj
 .debug_loc     0x0000107f       0xf8 c:/winavr-20100110/bin/../lib/gcc/avr/4.3.3/avr5\libgcc.a(_ashldi3.o)
 .debug_loc     0x00001177       0x34 c:/winavr-20100110/bin/../lib/gcc/avr/4.3.3/avr5\libgcc.a(_fixunssfsi.o)
 .debug_loc     0x000011ab      0xe74 c:/winavr-20100110/bin/../lib/gcc/avr/4.3.3/avr5\libgcc.a(_udivdi3.o)
 .debug_loc     0x0000201f      0x32a c:/winavr-20100110/bin/../lib/gcc/avr/4.3.3/avr5\libgcc.a(_addsub_sf.o)
 .debug_loc     0x00002349      0x104 c:/winavr-20100110/bin/../lib/gcc/avr/4.3.3/avr5\libgcc.a(_mul_sf.o)
 .debug_loc     0x0000244d       0xc0 c:/winavr-20100110/bin/../lib/gcc/avr/4.3.3/avr5\libgcc.a(_div_sf.o)
 .debug_loc     0x0000250d       0x3c c:/winavr-20100110/bin/../lib/gcc/avr/4.3.3/avr5\libgcc.a(_ge_sf.o)
 .debug_loc     0x00002549       0x7e c:/winavr-20100110/bin/../lib/gcc/avr/4.3.3/avr5\libgcc.a(_sf_to_si.o)
 .debug_loc     0x000025c7       0x4c c:/winavr-20100110/bin/../lib/gcc/avr/4.3.3/avr5\libgcc.a(_usi_to_sf.o)
 .debug_loc     0x00002613       0x94 c:/winavr-20100110/bin/../lib/gcc/avr/4.3.3/avr5\libgcc.a(_clzsi2.o)
 .debug_loc     0x000026a7      0x13e c:/winavr-20100110/bin/../lib/gcc/avr/4.3.3/avr5\libgcc.a(_pack_sf.o)
 .debug_loc     0x000027e5       0xac c:/winavr-20100110/bin/../lib/gcc/avr/4.3.3/avr5\libgcc.a(_unpack_sf.o)
 .debug_loc     0x00002891       0x50 c:/winavr-20100110/bin/../lib/gcc/avr/4.3.3/avr5\libgcc.a(_fpcmp_parts_sf.o)

.debug_macinfo
 *(.debug_macinfo)
OUTPUT(SMART_LIGHT.elf elf32-avr)
LOAD linker stubs

.debug_ranges   0x00000000       0x68
 .debug_ranges  0x00000000       0x18 c:/winavr-20100110/bin/../lib/gcc/avr/4.3.3/avr5\libgcc.a(_udivdi3.o)
 .debug_ranges  0x00000018       0x50 c:/winavr-20100110/bin/../lib/gcc/avr/4.3.3/avr5\libgcc.a(_mul_sf.o)
